00000115 A num_got_entries
bfc00000 T _start
bfc00400 t reset
bfc00408 T __reset_vector
bfc00410 t check_nmi
bfc00480 t verify_isa
bfc00498 t is_mips32
bfc004a4 t init_vpe_resources
bfc004d4 t init_sys_resources
bfc004fc t init_core_resources
bfc00524 t all_done
bfc00524 t init_done
bfc00524 t notmtcapable
bfc0052c t othercores
bfc0056c t waitcode_start
bfc00578 t swwait
bfc00590 t checklaunch
bfc005d8 t finish_initialisation
bfc005d8 t waitcode_end
bfc005f0 t init_gpr
bfc005fc t next_shadow_set
bfc0068c t set_gpr_boot_values
bfc006b0 t check_mt_ase
bfc006d0 t has_mt_ase
bfc006f0 t no_mt_ase
bfc00700 t check_cps
bfc0071c t is_not_cps
bfc0072c t is_cps
bfc00750 t gcr_found
bfc0076c t done_init_gpr
bfc00774 t init_cp0
bfc00808 t done_wr
bfc00820 t set_kseg0_cca
bfc00830 t check_for_tlb
bfc00830 t init_tlb
bfc00860 t start_init_tlb
bfc00878 t next_tlb_entry_pair
bfc00898 t done_init_tlb
bfc008a0 t init_cpc
bfc008c8 t done_init_cpc
bfc008d0 t init_gic
bfc0092c t configure_slices
bfc00abc t init_vpe_gic
bfc00ac8 t map_timer_int
bfc00ad4 t map_perfcount_int
bfc00ae0 t done_gic
bfc00ae8 t init_mc
bfc00ca4 t COPY_WAITCODE
bfc00cdc t release_mp
bfc00cec t powerup_next_core
bfc00d10 t release_next_core
bfc00d28 t done_release_mp
bfc00d30 t init_icache
bfc00d70 t next_icache_tag
bfc00d80 t done_icache
bfc00d8c t init_dcache
bfc00dd0 t next_dcache_tag
bfc00de0 t done_dcache
bfc00de8 t init_cm
bfc00eb4 t done_cm_init
bfc00ebc t init_itc
bfc00ec0 t done_init_itc
bfc00ec8 t join_domain
bfc00ef0 t next_coherent_core
bfc00ef8 t busy_wait_coherent_core
bfc00f0c t done_join_domain
bfc00f14 t init_l23u
bfc00f44 t init_l23c
bfc00f60 t init_l23
bfc00fb0 t done_l2cache
bfc00ffc t done_l3cache
bfc01010 t done_l23
bfc01018 t init_vpe1
bfc01048 t nexttc
bfc01118 t nextvpe
bfc011a4 t donevpe
bfc011c8 t done_init_vpe1
bfc011d0 T relocate_code
bfc01244 t in_ram
bfc012c8 t romReserved
bfc012cc t romExcHandle
bfc012d0 T set_ver
bfc0132c T init_mac
bfc01500 T sbrk
bfc01598 T board_init_f
bfc01858 T OperationSelect
bfc01944 T filename_copy
bfc01990 T tftp_config
bfc01e50 T trigger_hw_reset
bfc01e58 T hang
bfc01e88 T rw_rf_reg
bfc01f74 T do_rw_rf
bfc020b8 T disable_pcie
bfc020d4 T config_usb_mtk_xhci
bfc02238 T board_init_r
bfc031d0 T reset_to_default
bfc03224 T timer_init
bfc03238 T get_timer
bfc03244 T vdelay
bfc0326c T udelay
bfc032b8 T mdelay
bfc03318 t startAgainTimeout
bfc03334 t startAgainHandler
bfc0333c t NetCopyIP
bfc03354 t net_check_prereq
bfc03414 T NetSetHandler
bfc0342c T NetSetTimeout
bfc03490 T NetStartAgain
bfc0357c T NetSendPacket
bfc03594 T NetCksum
bfc035cc T NetCksumOk
bfc03608 T NetEthHdrSize
bfc03654 T NetSetEther
bfc03740 T NetReceive
bfc03d9c T ArpRequest
bfc03f08 T ArpTimeoutCheck
bfc03fd0 T NetSetIP
bfc04130 T NetSendUDPPacket
bfc04304 T copy_filename
bfc04358 T ip_to_string
bfc043cc T string_to_ip
bfc04488 T VLAN_to_string
bfc044f4 T string_to_VLAN
bfc04558 T getenv_VLAN
bfc04594 T print_IPaddr
bfc045d4 T getenv_IPaddr
bfc04610 T NetLoop
bfc04bd8 T TftpSend
bfc04de4 t TftpHandler
bfc0514c t TftpTimeout
bfc051dc T TftpStart
bfc0547c T eth_parse_enetaddr
bfc05514 T eth_register
bfc05564 T eth_initialize
bfc057c4 T eth_init
bfc0584c T eth_halt
bfc058a0 T eth_send
bfc058d4 T eth_rx
bfc05904 T eth_try_another
bfc05940 t rt2880_eth_recv
bfc05b10 t rt2880_eth_send
bfc05c54 t delete_char.part.0.constprop.2
bfc05db0 T START_ETH
bfc05e0c T STOP_ETH
bfc05e70 T rt2880_eth_halt
bfc05e88 T rt2880_free_buf_entry_dequeue
bfc05eb8 T rt2880_eth_initialize
bfc060d8 T IsSwitchVlanTableBusy
bfc06168 T LANWANPartition
bfc06338 T isDMABusy
bfc06390 t rt2880_eth_init
bfc06694 T setup_internal_gsw
bfc06c70 T readline
bfc06f90 T input_value
bfc07020 T __mii_mgr_read
bfc0718c T __mii_mgr_write
bfc072f4 T mii_mgr_read
bfc073c8 T mii_mgr_write
bfc0747c T rt2880_mdio_access
bfc079f4 T dump_phy_reg
bfc07bc0 t bbu_spic_busy_wait
bfc07c54 t bbu_spic_trans
bfc07f28 t raspi_read_sr
bfc07f74 t raspi_wait_ready
bfc08034 t raspi_unprotect
bfc080d0 t raspi_write_enable
bfc08118 t raspi_write_disable
bfc08160 t raspi_4byte_mode
bfc0836c t bbu_mb_spic_trans
bfc08620 t raspi_read_devid.constprop.4
bfc086ac T spic_init
bfc086b4 T chip_prob
bfc087e0 T raspi_init
bfc08828 T raspi_erase
bfc08a04 T do_flerase
bfc08bdc T raspi_read
bfc08d90 T raspi_write
bfc09024 T ralink_spi_command
bfc0962c T do_mem_cp
bfc09748 T raspi_erase_write
bfc09b3c T ra_flash_id
bfc09b44 T ra_flash_init_layout
bfc09b4c T ra_flash_read
bfc09bb8 T ra_flash_erase_write
bfc09bfc T ra_flash_erase
bfc09c38 T ra_factory_read
bfc09c94 T ra_factory_erase_write
bfc09cf0 T run_command
bfc0a1ac T main_loop
bfc0a2b8 t __fswab32
bfc0a2e0 T print_image_hdr
bfc0a640 T verify_kernel_image
bfc0aa78 T do_bootm
bfc0adfc t TftpdTimeout
bfc0ae48 t TftpdSend
bfc0afa0 t TftpTimeout
bfc0affc T check_trx
bfc0b06c T do_tftpd
bfc0b250 T TftpdStart
bfc0b3bc T flash_perrormsg
bfc0b4d4 t TftpHandler
bfc0c364 T cmd_get_data_size
bfc0c3f0 t mod_mem.part.0
bfc0c5e8 T do_mem_nm
bfc0c64c T do_mem_mm
bfc0c6b0 T do_mem_md
bfc0c970 T do_tftpb
bfc0cde4 T do_ledoff
bfc0ce18 T do_ledon
bfc0ce4c t envmatch
bfc0cf0c T do_saveenv
bfc0cf5c T do_printenv
bfc0d1e0 T _do_setenv
bfc0d87c T do_setenv
bfc0d8e4 T setenv
bfc0d934 T getenv
bfc0da10 T do_version
bfc0da4c T find_cmd
bfc0db50 T do_help
bfc0ddcc t console_setfile
bfc0de9c T serial_printf
bfc0def4 T fgetc
bfc0df2c T ftstc
bfc0df64 T fputc
bfc0dfa0 T fputs
bfc0dfd8 T fprintf
bfc0e038 T getc
bfc0e068 T tstc
bfc0e098 T putc
bfc0e0cc T puts
bfc0e100 T printf
bfc0e158 T vprintf
bfc0e1a4 T ctrlc
bfc0e22c T disable_ctrlc
bfc0e248 T had_ctrlc
bfc0e260 T clear_ctrlc
bfc0e278 T dbg
bfc0e288 T console_assign
bfc0e3a4 T console_init_f
bfc0e3b4 T console_init_r
bfc0e514 T device_register
bfc0e554 T devices_init
bfc0e650 T devices_done
bfc0e68c T malloc_bin_reloc
bfc0e6d0 T malloc_trim
bfc0e7e8 T free
bfc0ea44 T cfree
bfc0ea5c T malloc
bfc0f104 T calloc
bfc0f218 T memalign
bfc0f3a8 T pvalloc
bfc0f3cc T valloc
bfc0f3e8 T realloc
bfc0f8f8 T malloc_usable_size
bfc0f94c T mallopt
bfc0f9d4 T env_get_char_memory
bfc0fa0c t env_get_char_init
bfc0fa3c T env_crc_update
bfc0fa88 T env_get_addr
bfc0fab8 T env_relocate
bfc0fba4 t dummy
bfc0fbac T get_version
bfc0fbb4 T jumptable_init
bfc0fc58 T NewHandle
bfc0fcf8 T DisposeHandle
bfc0fd54 T GetHandleSize
bfc0fd5c T SetHandleSize
bfc0fe1c T ListCreate
bfc0fe88 T ListDispose
bfc0fea0 T ListInsertItems
bfc100b4 T ListInsertItem
bfc100cc T ListGetPtrToItem
bfc10104 T ListNumItems
bfc10110 t get_gpio_reg_item
bfc10170 t get_gpio_reg_bit_shift
bfc101c0 T mtk7621_get_gpio_reg_addr
bfc1028c T mtk7621_set_gpio_dir
bfc10454 T mtk7621_get_gpio_pin
bfc104d4 T mtk7621_set_gpio_pin
bfc10574 T led_init
bfc10630 T gpio_init
bfc1069c T DETECT
bfc106f0 T DETECT_WPS
bfc10744 T PWR_LEDON
bfc10760 T LEDON
bfc107f0 T LEDOFF
bfc10880 T replace
bfc108d4 T chkVer
bfc109b8 T chkMAC
bfc10ac4 T env_get_char_spec
bfc10ad4 T env_init
bfc10af4 T spi_env_init
bfc10bbc T saveenv
bfc10cd4 T env_relocate_spec
bfc10cf8 T crc32
bfc10f08 T display_options
bfc10f44 T print_size
bfc11028 T strnicmp
bfc110c4 T strcat
bfc110f4 T strchr
bfc11120 T strlen
bfc11138 T strrchr
bfc111a0 T strnlen
bfc111cc T strpbrk
bfc11204 T strsep
bfc11268 T memset
bfc11290 T memcpy
bfc112c0 T memmove
bfc11334 T memcmp
bfc11368 T strstr
bfc11420 t number
bfc11694 T simple_strtoul
bfc1175c T simple_strtol
bfc117a8 T ustrtoul
bfc11854 T vsprintf
bfc11d30 T sprintf
bfc11d70 T panic
bfc11df4 T RangeDecoderReadByte
bfc11e24 T RangeDecoderInit
bfc11eb4 T RangeDecoderDecodeDirectBits
bfc11f7c T RangeDecoderBitDecode
bfc1205c T RangeDecoderBitTreeDecode
bfc120f4 T RangeDecoderReverseBitTreeDecode
bfc1219c T LzmaLiteralDecode
bfc12218 T LzmaLiteralDecodeMatch
bfc122fc T LzmaLenDecode
bfc123e8 T LzmaDecode
bfc128ac T lzmaBuffToBuffDecompress
bfc12aac T get_ram_size
bfc12c74 T initdram
bfc12d14 T checkboard
bfc12d94 T serial_setbrg
bfc12e04 T serial_init
bfc12e38 T serial_putc
bfc12e80 T serial_tstc
bfc12e90 T serial_getc
bfc12eb4 T serial_puts
bfc12f08 t dcache_line_size
bfc12f28 T do_reset
bfc12f3c T flush_cache
bfc12ff4 T flush_dcache_range
bfc13054 T invalidate_dcache_range
bfc130b4 t __fswab32
bfc130dc t linux_env_set
bfc13200 T do_bootm_linux
bfc13b54 R version_string
bfc13bc4 r __func__.1960
bfc13bd8 r __func__.1928
bfc13be8 r __func__.1884
bfc13bfc r __func__.2032
bfc13c08 r __func__.2000
bfc13c18 r __func__.2009
bfc13c2c r __func__.1987
bfc13c40 r __func__.2042
bfc13c4c r __func__.1911
bfc13c60 r __func__.2060
bfc13c6c r __func__.2076
bfc13c80 r __func__.1979
bfc13d74 r CSWTCH.20
bfc13d8c r baudrate_table
bfc13dd8 r s_gpio_reg_offset
bfc13e1c r p.1857
bfc1734c d buf_addr.2460
bfc1735c D NetOurNativeVLAN
bfc1735e D NetOurVLAN
bfc17360 D NetBcastAddr
bfc17368 d erase_seq
bfc1736c d tab_seq
bfc17378 D stm_opcodes
bfc173b0 D load_addr
bfc173b4 d name.1913
bfc17434 D maclink
bfc17444 D asuslink
bfc17454 D dp_last_length
bfc17458 d sbrk_base
bfc1745c d trim_threshold
bfc17460 d mmap_threshold
bfc17464 D default_environment
bfc174d4 d crc_table_empty
bfc174d8 D _ctype
bfc175d8 D sys_image_name
bfc175dc D boot_image_name
bfc175e0 d chips_data
bfc17898 D stdio_names
bfc178a4 d av_
bfc17cac D env_get_char
bfc17cb0 D env_name_spec
bfc17cb4 D bl_stage
bfc17cb8 D blver
bfc17cbc D model
bfc17cc0 A _gp
bfc17cc0 D _GLOBAL_OFFSET_TABLE_
bfc17cc0 D __got_start
bfc18114 A __u_boot_cmd_start
bfc18114 D __got_end
bfc18114 D __u_boot_cmd_rf
bfc1812c D __u_boot_cmd_mdio
bfc18144 D __u_boot_cmd_spi
bfc1815c D __u_boot_cmd_erase
bfc18174 D __u_boot_cmd_cp
bfc1818c D __u_boot_cmd_reset
bfc181a4 D __u_boot_cmd_bootm
bfc181bc D __u_boot_cmd_tftpd
bfc181d4 D __u_boot_cmd_nm
bfc181ec D __u_boot_cmd_mm
bfc18204 D __u_boot_cmd_md
bfc1821c D __u_boot_cmd_tftpboot
bfc18234 D __u_boot_cmd_ledoff
bfc1824c D __u_boot_cmd_ledon
bfc18264 D __u_boot_cmd_saveenv
bfc1827c D __u_boot_cmd_setenv
bfc18294 D __u_boot_cmd_printenv
bfc182ac D __u_boot_cmd_question_mark
bfc182c4 D __u_boot_cmd_help
bfc182dc D __u_boot_cmd_version
bfc182f4 A __u_boot_cmd_end
bfc182f4 A uboot_end_data
bfc182f4 S monitor_flash_len
bfc182f8 S mips_bus_feq
bfc182fc S mips_cpu_feq
bfc18300 S NetArpWaitTry
bfc18304 S NetArpWaitPacketMAC
bfc18308 S NetOurEther
bfc18310 S NetOurIP
bfc18314 S NetServerIP
bfc18318 S NetArpWaitTxPacketSize
bfc1831c S NetArpWaitReplyIP
bfc18320 S NetArpWaitTxPacket
bfc18324 S NetArpWaitPacketIP
bfc18328 S NetState
bfc1832c S NetIPID
bfc18330 S NetRxPkt
bfc18334 S NetRxPktLen
bfc18338 S NetBootFileXferSize
bfc1833c S PktBuf
bfc18340 S NetArpWaitTimerStart
bfc18344 S TftpStarted
bfc18348 S rt2880_free_buf_list
bfc18350 S PKT_HEADER_Buf
bfc18354 S rt2880_pdev
bfc18358 S rt2880_busing_buf_list
bfc18360 S lastData
bfc18364 S lastLen
bfc18368 S lastAddr
bfc1836c S RDOM
bfc18374 S ptr
bfc18378 S dp_last_size
bfc1837c S dp_last_addr
bfc18380 S mm_last_size
bfc18384 S mm_last_addr
bfc18388 S env_ptr
bfc1838c S ___strtok
bfc18390 S Pkt_Buf_Pool
bfc2f7d0 S NetRxPackets
bfc2f8c0 S BootFile
bfc2f940 S NetArpWaitPacketBuf
bfc2ff80 S console_buffer
bfc30080 S console_history
bfc30a80 S header
bfc30ac0 S nvramcmd
bfc30afc S MAC0
bfc30b0c S ASUS
bfc30b40 B modifies
bfc30b44 b mem_malloc_brk
bfc30b48 b mem_malloc_start
bfc30b4c b mem_malloc_end
bfc30b50 b file_name_space
bfc30bd0 B TempServerIP
bfc30bd4 B NetTxPacket
bfc30bd8 B NetEtherNullAddr
bfc30be0 B NetServerEther
bfc30be6 B NetBootFileSize
bfc30be8 B NetOurRootPath
bfc30c28 B NetOurHostName
bfc30c48 B NetOurNISDomain
bfc30c68 B NetOurDNSIP
bfc30c6c B NetOurGatewayIP
bfc30c70 B NetOurSubnetMask
bfc30c74 b timeDelta
bfc30c78 b timeHandler
bfc30c7c b timeStart
bfc30c80 b packetHandler
bfc30c84 b TftpState
bfc30c88 b tftp_filename
bfc30c8c b TftpBlock
bfc30c90 b TftpServerPort
bfc30c94 b TftpOurPort
bfc30c98 b default_filename
bfc30ca8 b TftpTimeoutCount
bfc30cac b TftpBlockWrap
bfc30cb0 b TftpBlockWrapOffset
bfc30cb4 b TftpLastBlock
bfc30cb8 b eth_devices
bfc30cbc b eth_current
bfc30cc0 b first_failed.2141
bfc30ce0 b PKT_HEADER_Buf_Pool
bfc47520 b rt2880_eth_initd
bfc47540 b rx_ring_cache
bfc476c0 b rx_ring
bfc476e0 b tx_ring0_cache
bfc47860 b tx_ring0
bfc47864 b rt2880_free_buf
bfc47b34 b rx_dma_owner_idx0
bfc47b38 b tx_cpu_owner_idx0
bfc47b3c b rxRingSize
bfc47b3d b txRingSize
bfc47b40 b rx_wants_alloc_idx0
bfc47b60 B spi_chip_info
bfc47b64 b lastcommand.1892
bfc47c64 B env_loc
bfc47c68 B MAC_FLAG
bfc47c6c B rc
bfc47c70 B offset
bfc47c74 B copysize
bfc47c78 B RescueAckFlag
bfc47c7c b TftpOurPort
bfc47c80 b TftpTimeoutCount
bfc47c84 b TftpState
bfc47c88 b TftpBlock
bfc47c8c b TftpServerPort
bfc47c90 b TftpBlockWrapOffset
bfc47c94 b TftpLastBlock
bfc47c98 b ctrlc_disabled
bfc47c9c b ctrlc_was_pressed
bfc47ca0 B stdio_devices
bfc47cac B devlist
bfc47cb0 b top_pad
bfc47cb4 b current_mallinfo
bfc47cdc b max_sbrked_mem
bfc47ce0 b max_total_mem
bfc47ce4 b n_mmaps_max
bfc47ce8 b crc_table
bfc480e8 b linux_argv
bfc480ec b linux_argc
bfc480f0 b linux_env
bfc480f4 b linux_env_idx
bfc480f8 b linux_env_p
bfc480fc A uboot_end
